created proxy: groovyx.net.ws.WSClient@497b1c02 for http://localhost:8080/ks-lum-web/services/TranslationService?wsdl
Sep 18, 2009 12:57:28 PM org.apache.cxf.endpoint.dynamic.DynamicClientFactory outputDebug
INFO: Created classes: org.kuali.student.wsdl.exceptions.DoesNotExistException, org.kuali.student.wsdl.exceptions.InvalidParameterException, org.kuali.student.wsdl.exceptions.MissingParameterException, org.kuali.student.wsdl.exceptions.ObjectFactory, org.kuali.student.wsdl.exceptions.OperationFailedException, org.kuali.student.wsdl.exceptions.VersionMismatchException, org.kuali.student.wsdl.nlt.Attribute, org.kuali.student.wsdl.nlt.GetNaturalLanguageForLuStatement, org.kuali.student.wsdl.nlt.GetNaturalLanguageForLuStatementInfo, org.kuali.student.wsdl.nlt.GetNaturalLanguageForLuStatementInfoResponse, org.kuali.student.wsdl.nlt.GetNaturalLanguageForLuStatementResponse, org.kuali.student.wsdl.nlt.GetNaturalLanguageForReqComponent, org.kuali.student.wsdl.nlt.GetNaturalLanguageForReqComponentInfo, org.kuali.student.wsdl.nlt.GetNaturalLanguageForReqComponentInfoResponse, org.kuali.student.wsdl.nlt.GetNaturalLanguageForReqComponentResponse, org.kuali.student.wsdl.nlt.GetNaturalLanguageForStatementAsTree, org.kuali.student.wsdl.nlt.GetNaturalLanguageForStatementAsTreeResponse, org.kuali.student.wsdl.nlt.GetNaturalLanguageForStatementInfoAsTree, org.kuali.student.wsdl.nlt.GetNaturalLanguageForStatementInfoAsTreeResponse, org.kuali.student.wsdl.nlt.JaxbAttributeList, org.kuali.student.wsdl.nlt.LuNlStatementInfo, org.kuali.student.wsdl.nlt.LuStatementInfo, org.kuali.student.wsdl.nlt.MetaInfo, org.kuali.student.wsdl.nlt.NlTranslationNodeInfo, org.kuali.student.wsdl.nlt.ObjectFactory, org.kuali.student.wsdl.nlt.ReqCompFieldInfo, org.kuali.student.wsdl.nlt.ReqComponentInfo, org.kuali.student.wsdl.nlt.StatementOperatorTypeKey
 created in interceptor:  <org.kuali.student.service.test.soap.WSSecurityInInterceptor@25ae3e2d saajIn=org.apache.cxf.binding.soap.saaj.SAAJInInterceptor@434ce06a secEngineOverride=null properties=["passwordCallbackClass":"org.kuali.student.service.test.soap.WSCallbackHandler", "action":"Signature", "signatureKeyIdentifier":"IssuerSerial", "user":"tomcat"] before=[] after=["org.apache.cxf.binding.soap.saaj.SAAJInInterceptor"] phase=pre-protocol id=org.kuali.student.service.test.soap.WSSecurityInInterceptor doDebug=false>
 created out interceptor:  <org.kuali.student.service.test.soap.WSSecurityOutInterceptor@3d22914a ending=org.apache.cxf.ws.security.wss4j.WSS4JOutInterceptor$WSS4JOutInterceptorInternal@2870b0a1 saajOut=org.apache.cxf.binding.soap.saaj.SAAJOutInterceptor@7e5c2ec4 mtomEnabled=false properties=["passwordCallbackClass":"org.kuali.student.service.test.soap.WSCallbackHandler", "action":"Signature", "signatureKeyIdentifier":"IssuerSerial", "user":"tomcat"] before=[] after=["org.apache.cxf.binding.soap.saaj.SAAJOutInterceptor"] phase=pre-protocol id=org.kuali.student.service.test.soap.WSSecurityOutInterceptor doDebug=false>
got proxy client: org.apache.cxf.endpoint.ClientImpl@577d577c
 dump client: <org.apache.cxf.endpoint.ClientImpl@577d577c bus=org.apache.cxf.bus.extension.ExtensionManagerBus@5adf3ac5 conduitSelector=org.apache.cxf.endpoint.UpfrontConduitSelector@758b8a1e outFaultObserver=null synchronousTimeout=60000 outboundChainCache=org.apache.cxf.phase.PhaseChainCache@38578f3f inboundChainCache=org.apache.cxf.phase.PhaseChainCache@7c7d8dfe currentRequestContext=["mtom-enabled":false] requestContext=java.lang.ThreadLocal@6033baf5 responseContext=java.lang.ThreadLocal@64375c2a executor=null in=[] out=[] outFault=[] inFault=[]>
got endpoint: [:]
dump endpoint: <org.apache.cxf.endpoint.EndpointImpl@0 service=[:] binding=org.apache.cxf.binding.soap.SoapBinding@33c71333 endpointInfo=BindingQName={http://student.kuali.org/wsdl/nlt}TranslationServiceSoapBinding, ServiceQName={http://student.kuali.org/wsdl/nlt}TranslationService, QName={http://student.kuali.org/wsdl/nlt}TranslationServicePort executor=null bus=org.apache.cxf.bus.extension.ExtensionManagerBus@5adf3ac5 inFaultObserver=org.apache.cxf.interceptor.InFaultChainInitiatorObserver@253a252a outFaultObserver=org.apache.cxf.interceptor.OutFaultChainInitiatorObserver@c5dfb7e activeFeatures=null in=[] out=[org.apache.cxf.interceptor.MessageSenderInterceptor@c68bfe0] outFault=[org.apache.cxf.interceptor.MessageSenderInterceptor@310d117d] inFault=[org.apache.cxf.interceptor.ClientFaultConverter@50f73eb3] table={null, null, null, null, null, null, null, null, null, null, null, null, null, null, null, null} size=0 threshold=12 loadFactor=0.75 modCount=0 entrySet=[] keySet=null values=null>
got in interceptors: null
 got out interceptors: null
 interceptors added to endpoint: <org.apache.cxf.endpoint.EndpointImpl@fa6e5b34 service=[:] binding=org.apache.cxf.binding.soap.SoapBinding@33c71333 endpointInfo=BindingQName={http://student.kuali.org/wsdl/nlt}TranslationServiceSoapBinding, ServiceQName={http://student.kuali.org/wsdl/nlt}TranslationService, QName={http://student.kuali.org/wsdl/nlt}TranslationServicePort executor=null bus=org.apache.cxf.bus.extension.ExtensionManagerBus@5adf3ac5 inFaultObserver=org.apache.cxf.interceptor.InFaultChainInitiatorObserver@253a252a outFaultObserver=org.apache.cxf.interceptor.OutFaultChainInitiatorObserver@c5dfb7e activeFeatures=null in=[] out=[org.apache.cxf.interceptor.MessageSenderInterceptor@c68bfe0] outFault=[org.apache.cxf.interceptor.MessageSenderInterceptor@310d117d] inFault=[org.apache.cxf.interceptor.ClientFaultConverter@50f73eb3] table={null, null, null, inInterceptors=[org.kuali.student.service.test.soap.WSSecurityInInterceptor@25ae3e2d], null, outInterceptors=[org.kuali.student.service.test.soap.WSSecurityOutInterceptor@3d22914a], null, null, null, null, null, null, null, null, null, null} size=2 threshold=12 loadFactor=0.75 modCount=2 entrySet=[inInterceptors=[org.kuali.student.service.test.soap.WSSecurityInInterceptor@25ae3e2d], outInterceptors=[org.kuali.student.service.test.soap.WSSecurityOutInterceptor@3d22914a]] keySet=null values=null>
 in interceptors are: [org.kuali.student.service.test.soap.WSSecurityInInterceptor@25ae3e2d]
 out interceptors are: [org.kuali.student.service.test.soap.WSSecurityOutInterceptor@3d22914a]
interceptors added to proxy: <groovyx.net.ws.WSClient@497b1c02 url=http://localhost:8080/ks-lum-web/services/TranslationService?wsdl classloader=sun.misc.Launcher$AppClassLoader@32f4a24a client=org.apache.cxf.endpoint.ClientImpl@577d577c sslHelper=groovyx.net.ws.cxf.SSLHelper@12b7de4d proxyHelper=groovyx.net.ws.cxf.ProxyHelper@65639ad4 basicAuthHelper=groovyx.net.ws.cxf.BasicAuthenticationHelper@6e4a084c connectionTimeoutHelper=groovyx.net.ws.cxf.ConnectionTimeoutHelper@3e66ee25 mtomHelper=groovyx.net.ws.cxf.MtomHelper@579cdf24 soapHelper=groovyx.net.ws.cxf.SoapHelper@7bfde16b>
execute method: getNaturalLanguageForReqComponent with args: {"REQCOMP-NL-1", "KUALI.CATALOG", "en"}
Sep 18, 2009 12:57:31 PM groovyx.net.ws.AbstractCXFWSClient getBindingOperationInfo
WARNING:  Using SOAP version: 1.1
result: Student must have completed 1 of MATH152, MATH180
Sep 18, 2009 12:57:32 PM groovyx.net.ws.AbstractCXFWSClient getBindingOperationInfo
WARNING:  Using SOAP version: 1.1
attempts:  2 success: 2 exceptions: 0
average round trip time 593.5 ms.
created proxy: groovyx.net.ws.WSClient@5460492a for http://kuali.berkeley.edu:8080/ks-lum-web/services/TranslationService?wsdl
Sep 18, 2009 12:57:33 PM org.apache.cxf.endpoint.dynamic.DynamicClientFactory outputDebug
INFO: Created classes: org.kuali.student.wsdl.exceptions.DoesNotExistException, org.kuali.student.wsdl.exceptions.InvalidParameterException, org.kuali.student.wsdl.exceptions.MissingParameterException, org.kuali.student.wsdl.exceptions.ObjectFactory, org.kuali.student.wsdl.exceptions.OperationFailedException, org.kuali.student.wsdl.exceptions.VersionMismatchException, org.kuali.student.wsdl.nlt.Attribute, org.kuali.student.wsdl.nlt.GetNaturalLanguageForLuStatement, org.kuali.student.wsdl.nlt.GetNaturalLanguageForLuStatementInfo, org.kuali.student.wsdl.nlt.GetNaturalLanguageForLuStatementInfoResponse, org.kuali.student.wsdl.nlt.GetNaturalLanguageForLuStatementResponse, org.kuali.student.wsdl.nlt.GetNaturalLanguageForReqComponent, org.kuali.student.wsdl.nlt.GetNaturalLanguageForReqComponentInfo, org.kuali.student.wsdl.nlt.GetNaturalLanguageForReqComponentInfoResponse, org.kuali.student.wsdl.nlt.GetNaturalLanguageForReqComponentResponse, org.kuali.student.wsdl.nlt.GetNaturalLanguageForStatementAsTree, org.kuali.student.wsdl.nlt.GetNaturalLanguageForStatementAsTreeResponse, org.kuali.student.wsdl.nlt.GetNaturalLanguageForStatementInfoAsTree, org.kuali.student.wsdl.nlt.GetNaturalLanguageForStatementInfoAsTreeResponse, org.kuali.student.wsdl.nlt.JaxbAttributeList, org.kuali.student.wsdl.nlt.LuNlStatementInfo, org.kuali.student.wsdl.nlt.LuStatementInfo, org.kuali.student.wsdl.nlt.MetaInfo, org.kuali.student.wsdl.nlt.NlTranslationNodeInfo, org.kuali.student.wsdl.nlt.ObjectFactory, org.kuali.student.wsdl.nlt.ReqCompFieldInfo, org.kuali.student.wsdl.nlt.ReqComponentInfo, org.kuali.student.wsdl.nlt.StatementOperatorTypeKey
 created in interceptor:  <org.kuali.student.service.test.soap.WSSecurityInInterceptor@bb8945a saajIn=org.apache.cxf.binding.soap.saaj.SAAJInInterceptor@313a6b9 secEngineOverride=null properties=["passwordCallbackClass":"org.kuali.student.service.test.soap.WSCallbackHandler", "action":"Signature", "signatureKeyIdentifier":"IssuerSerial", "user":"tomcat"] before=[] after=["org.apache.cxf.binding.soap.saaj.SAAJInInterceptor"] phase=pre-protocol id=org.kuali.student.service.test.soap.WSSecurityInInterceptor doDebug=false>
 created out interceptor:  <org.kuali.student.service.test.soap.WSSecurityOutInterceptor@1bc119d5 ending=org.apache.cxf.ws.security.wss4j.WSS4JOutInterceptor$WSS4JOutInterceptorInternal@2286fd2f saajOut=org.apache.cxf.binding.soap.saaj.SAAJOutInterceptor@4c582a5e mtomEnabled=false properties=["passwordCallbackClass":"org.kuali.student.service.test.soap.WSCallbackHandler", "action":"Signature", "signatureKeyIdentifier":"IssuerSerial", "user":"tomcat"] before=[] after=["org.apache.cxf.binding.soap.saaj.SAAJOutInterceptor"] phase=pre-protocol id=org.kuali.student.service.test.soap.WSSecurityOutInterceptor doDebug=false>
got proxy client: org.apache.cxf.endpoint.ClientImpl@5be66924
 dump client: <org.apache.cxf.endpoint.ClientImpl@5be66924 bus=org.apache.cxf.bus.extension.ExtensionManagerBus@5adf3ac5 conduitSelector=org.apache.cxf.endpoint.UpfrontConduitSelector@31c254aa outFaultObserver=null synchronousTimeout=60000 outboundChainCache=org.apache.cxf.phase.PhaseChainCache@4bc7ca6e inboundChainCache=org.apache.cxf.phase.PhaseChainCache@29bb22a0 currentRequestContext=["mtom-enabled":false] requestContext=java.lang.ThreadLocal@3cde4bc7 responseContext=java.lang.ThreadLocal@26411509 executor=null in=[] out=[] outFault=[] inFault=[]>
got endpoint: [:]
dump endpoint: <org.apache.cxf.endpoint.EndpointImpl@0 service=[:] binding=org.apache.cxf.binding.soap.SoapBinding@7193802f endpointInfo=BindingQName={http://student.kuali.org/wsdl/nlt}TranslationServiceSoapBinding, ServiceQName={http://student.kuali.org/wsdl/nlt}TranslationService, QName={http://student.kuali.org/wsdl/nlt}TranslationServicePort executor=null bus=org.apache.cxf.bus.extension.ExtensionManagerBus@5adf3ac5 inFaultObserver=org.apache.cxf.interceptor.InFaultChainInitiatorObserver@7791d63a outFaultObserver=org.apache.cxf.interceptor.OutFaultChainInitiatorObserver@787b72a activeFeatures=null in=[] out=[org.apache.cxf.interceptor.MessageSenderInterceptor@145c83cd] outFault=[org.apache.cxf.interceptor.MessageSenderInterceptor@45d1122c] inFault=[org.apache.cxf.interceptor.ClientFaultConverter@21002a83] table={null, null, null, null, null, null, null, null, null, null, null, null, null, null, null, null} size=0 threshold=12 loadFactor=0.75 modCount=0 entrySet=[] keySet=null values=null>
got in interceptors: null
 got out interceptors: null
 interceptors added to endpoint: <org.apache.cxf.endpoint.EndpointImpl@ff162972 service=[:] binding=org.apache.cxf.binding.soap.SoapBinding@7193802f endpointInfo=BindingQName={http://student.kuali.org/wsdl/nlt}TranslationServiceSoapBinding, ServiceQName={http://student.kuali.org/wsdl/nlt}TranslationService, QName={http://student.kuali.org/wsdl/nlt}TranslationServicePort executor=null bus=org.apache.cxf.bus.extension.ExtensionManagerBus@5adf3ac5 inFaultObserver=org.apache.cxf.interceptor.InFaultChainInitiatorObserver@7791d63a outFaultObserver=org.apache.cxf.interceptor.OutFaultChainInitiatorObserver@787b72a activeFeatures=null in=[] out=[org.apache.cxf.interceptor.MessageSenderInterceptor@145c83cd] outFault=[org.apache.cxf.interceptor.MessageSenderInterceptor@45d1122c] inFault=[org.apache.cxf.interceptor.ClientFaultConverter@21002a83] table={null, null, null, inInterceptors=[org.kuali.student.service.test.soap.WSSecurityInInterceptor@bb8945a], null, outInterceptors=[org.kuali.student.service.test.soap.WSSecurityOutInterceptor@1bc119d5], null, null, null, null, null, null, null, null, null, null} size=2 threshold=12 loadFactor=0.75 modCount=2 entrySet=[inInterceptors=[org.kuali.student.service.test.soap.WSSecurityInInterceptor@bb8945a], outInterceptors=[org.kuali.student.service.test.soap.WSSecurityOutInterceptor@1bc119d5]] keySet=null values=null>
 in interceptors are: [org.kuali.student.service.test.soap.WSSecurityInInterceptor@bb8945a]
 out interceptors are: [org.kuali.student.service.test.soap.WSSecurityOutInterceptor@1bc119d5]
interceptors added to proxy: <groovyx.net.ws.WSClient@5460492a url=http://kuali.berkeley.edu:8080/ks-lum-web/services/TranslationService?wsdl classloader=sun.misc.Launcher$AppClassLoader@32f4a24a client=org.apache.cxf.endpoint.ClientImpl@5be66924 sslHelper=groovyx.net.ws.cxf.SSLHelper@14c8c644 proxyHelper=groovyx.net.ws.cxf.ProxyHelper@950a505 basicAuthHelper=groovyx.net.ws.cxf.BasicAuthenticationHelper@d81f00a connectionTimeoutHelper=groovyx.net.ws.cxf.ConnectionTimeoutHelper@4db62773 mtomHelper=groovyx.net.ws.cxf.MtomHelper@71d816e0 soapHelper=groovyx.net.ws.cxf.SoapHelper@21c60684>
execute method: getNaturalLanguageForReqComponent with args: {"REQCOMP-NL-1", "KUALI.CATALOG", "en"}
Sep 18, 2009 12:57:35 PM groovyx.net.ws.AbstractCXFWSClient getBindingOperationInfo
WARNING:  Using SOAP version: 1.1
result: Student must have completed 1 of MATH152, MATH180
Sep 18, 2009 12:57:36 PM groovyx.net.ws.AbstractCXFWSClient getBindingOperationInfo
WARNING:  Using SOAP version: 1.1
attempts:  2 success: 2 exceptions: 0
average round trip time 48.5 ms.

