created proxy: groovyx.net.ws.WSClient@642b6fc7 for http://kuali.berkeley.edu:8080/ks-lum-web/services/TranslationService?wsdl
Sep 18, 2009 10:05:04 AM org.apache.cxf.endpoint.dynamic.DynamicClientFactory outputDebug
INFO: Created classes: org.kuali.student.wsdl.exceptions.DoesNotExistException, org.kuali.student.wsdl.exceptions.InvalidParameterException, org.kuali.student.wsdl.exceptions.MissingParameterException, org.kuali.student.wsdl.exceptions.ObjectFactory, org.kuali.student.wsdl.exceptions.OperationFailedException, org.kuali.student.wsdl.exceptions.VersionMismatchException, org.kuali.student.wsdl.nlt.Attribute, org.kuali.student.wsdl.nlt.GetNaturalLanguageForLuStatement, org.kuali.student.wsdl.nlt.GetNaturalLanguageForLuStatementInfo, org.kuali.student.wsdl.nlt.GetNaturalLanguageForLuStatementInfoResponse, org.kuali.student.wsdl.nlt.GetNaturalLanguageForLuStatementResponse, org.kuali.student.wsdl.nlt.GetNaturalLanguageForReqComponent, org.kuali.student.wsdl.nlt.GetNaturalLanguageForReqComponentInfo, org.kuali.student.wsdl.nlt.GetNaturalLanguageForReqComponentInfoResponse, org.kuali.student.wsdl.nlt.GetNaturalLanguageForReqComponentResponse, org.kuali.student.wsdl.nlt.GetNaturalLanguageForStatementAsTree, org.kuali.student.wsdl.nlt.GetNaturalLanguageForStatementAsTreeResponse, org.kuali.student.wsdl.nlt.GetNaturalLanguageForStatementInfoAsTree, org.kuali.student.wsdl.nlt.GetNaturalLanguageForStatementInfoAsTreeResponse, org.kuali.student.wsdl.nlt.JaxbAttributeList, org.kuali.student.wsdl.nlt.LuNlStatementInfo, org.kuali.student.wsdl.nlt.LuStatementInfo, org.kuali.student.wsdl.nlt.MetaInfo, org.kuali.student.wsdl.nlt.NlTranslationNodeInfo, org.kuali.student.wsdl.nlt.ObjectFactory, org.kuali.student.wsdl.nlt.ReqCompFieldInfo, org.kuali.student.wsdl.nlt.ReqComponentInfo, org.kuali.student.wsdl.nlt.StatementOperatorTypeKey
 created in interceptor:  <org.kuali.student.service.test.soap.WSSecurityInInterceptor@3a807d14 saajIn=org.apache.cxf.binding.soap.saaj.SAAJInInterceptor@26e44c79 secEngineOverride=null properties=["passwordCallbackClass":"org.kuali.student.service.test.soap.WSCallbackHandler", "action":"Signature", "signatureKeyIdentifier":"IssuerSerial", "user":"tomcat"] before=[] after=["org.apache.cxf.binding.soap.saaj.SAAJInInterceptor"] phase=pre-protocol id=org.kuali.student.service.test.soap.WSSecurityInInterceptor doDebug=false>
 created out interceptor:  <org.kuali.student.service.test.soap.WSSecurityOutInterceptor@62c3135c ending=org.apache.cxf.ws.security.wss4j.WSS4JOutInterceptor$WSS4JOutInterceptorInternal@752c2fab saajOut=org.apache.cxf.binding.soap.saaj.SAAJOutInterceptor@27edbfa6 mtomEnabled=false properties=["passwordCallbackClass":"org.kuali.student.service.test.soap.WSCallbackHandler", "action":"Signature", "signatureKeyIdentifier":"IssuerSerial", "user":"tomcat"] before=[] after=["org.apache.cxf.binding.soap.saaj.SAAJOutInterceptor"] phase=pre-protocol id=org.kuali.student.service.test.soap.WSSecurityOutInterceptor doDebug=false>
got proxy client: org.apache.cxf.endpoint.ClientImpl@337a0b28
 dump client: <org.apache.cxf.endpoint.ClientImpl@337a0b28 bus=org.apache.cxf.bus.extension.ExtensionManagerBus@a585ef conduitSelector=org.apache.cxf.endpoint.UpfrontConduitSelector@72fc0e3d outFaultObserver=null synchronousTimeout=60000 outboundChainCache=org.apache.cxf.phase.PhaseChainCache@35b61805 inboundChainCache=org.apache.cxf.phase.PhaseChainCache@45e30bcf currentRequestContext=["mtom-enabled":false] requestContext=java.lang.ThreadLocal@2e97bb80 responseContext=java.lang.ThreadLocal@6b96e865 executor=null in=[] out=[] outFault=[] inFault=[]>
got endpoint: [:]
dump endpoint: <org.apache.cxf.endpoint.EndpointImpl@0 service=[:] binding=org.apache.cxf.binding.soap.SoapBinding@494f5dd7 endpointInfo=BindingQName={http://student.kuali.org/wsdl/nlt}TranslationServiceSoapBinding, ServiceQName={http://student.kuali.org/wsdl/nlt}TranslationService, QName={http://student.kuali.org/wsdl/nlt}TranslationServicePort executor=null bus=org.apache.cxf.bus.extension.ExtensionManagerBus@a585ef inFaultObserver=org.apache.cxf.interceptor.InFaultChainInitiatorObserver@6368b817 outFaultObserver=org.apache.cxf.interceptor.OutFaultChainInitiatorObserver@700e20fd activeFeatures=null in=[] out=[org.apache.cxf.interceptor.MessageSenderInterceptor@2301af85] outFault=[org.apache.cxf.interceptor.MessageSenderInterceptor@43aa56b7] inFault=[org.apache.cxf.interceptor.ClientFaultConverter@64232b15] table={null, null, null, null, null, null, null, null, null, null, null, null, null, null, null, null} size=0 threshold=12 loadFactor=0.75 modCount=0 entrySet=[] keySet=null values=null>
got in interceptors: null
 got out interceptors: null
 interceptors added to endpoint: <org.apache.cxf.endpoint.EndpointImpl@44e11ba7 service=[:] binding=org.apache.cxf.binding.soap.SoapBinding@494f5dd7 endpointInfo=BindingQName={http://student.kuali.org/wsdl/nlt}TranslationServiceSoapBinding, ServiceQName={http://student.kuali.org/wsdl/nlt}TranslationService, QName={http://student.kuali.org/wsdl/nlt}TranslationServicePort executor=null bus=org.apache.cxf.bus.extension.ExtensionManagerBus@a585ef inFaultObserver=org.apache.cxf.interceptor.InFaultChainInitiatorObserver@6368b817 outFaultObserver=org.apache.cxf.interceptor.OutFaultChainInitiatorObserver@700e20fd activeFeatures=null in=[] out=[org.apache.cxf.interceptor.MessageSenderInterceptor@2301af85] outFault=[org.apache.cxf.interceptor.MessageSenderInterceptor@43aa56b7] inFault=[org.apache.cxf.interceptor.ClientFaultConverter@64232b15] table={null, null, null, inInterceptors=[org.kuali.student.service.test.soap.WSSecurityInInterceptor@3a807d14], null, outInterceptors=[org.kuali.student.service.test.soap.WSSecurityOutInterceptor@62c3135c], null, null, null, null, null, null, null, null, null, null} size=2 threshold=12 loadFactor=0.75 modCount=2 entrySet=[inInterceptors=[org.kuali.student.service.test.soap.WSSecurityInInterceptor@3a807d14], outInterceptors=[org.kuali.student.service.test.soap.WSSecurityOutInterceptor@62c3135c]] keySet=null values=null>
 in interceptors are: [org.kuali.student.service.test.soap.WSSecurityInInterceptor@3a807d14]
 out interceptors are: [org.kuali.student.service.test.soap.WSSecurityOutInterceptor@62c3135c]
interceptors added to proxy: <groovyx.net.ws.WSClient@642b6fc7 url=http://kuali.berkeley.edu:8080/ks-lum-web/services/TranslationService?wsdl classloader=sun.misc.Launcher$AppClassLoader@553f5d07 client=org.apache.cxf.endpoint.ClientImpl@337a0b28 sslHelper=groovyx.net.ws.cxf.SSLHelper@191a248 proxyHelper=groovyx.net.ws.cxf.ProxyHelper@3525c6 basicAuthHelper=groovyx.net.ws.cxf.BasicAuthenticationHelper@2142ea45 connectionTimeoutHelper=groovyx.net.ws.cxf.ConnectionTimeoutHelper@30226912 mtomHelper=groovyx.net.ws.cxf.MtomHelper@2320356e soapHelper=groovyx.net.ws.cxf.SoapHelper@1793dac6>
execute method: getNaturalLanguageForReqComponent with args: {"REQCOMP-NL-1", "KUALI.CATALOG", "en"}
Sep 18, 2009 10:05:07 AM groovyx.net.ws.AbstractCXFWSClient getBindingOperationInfo
WARNING:  Using SOAP version: 1.1
Sep 18, 2009 10:05:08 AM org.apache.cxf.phase.PhaseInterceptorChain doIntercept
INFO: Interceptor has thrown exception, unwinding now Connection refused
Sep 18, 2009 10:05:08 AM groovyx.net.ws.AbstractCXFWSClient invokeMethod
SEVERE: Could not invoke method.
org.apache.cxf.interceptor.Fault: Connection refused
	at org.apache.cxf.interceptor.AbstractOutDatabindingInterceptor.writeParts(AbstractOutDatabindingInterceptor.java:95)
	at org.apache.cxf.interceptor.BareOutInterceptor.handleMessage(BareOutInterceptor.java:68)
	at org.apache.cxf.phase.PhaseInterceptorChain.doIntercept(PhaseInterceptorChain.java:226)
	at org.apache.cxf.endpoint.ClientImpl.invoke(ClientImpl.java:469)
	at org.apache.cxf.endpoint.ClientImpl.invoke(ClientImpl.java:299)
	at org.apache.cxf.endpoint.ClientImpl.invoke(ClientImpl.java:251)
	at groovyx.net.ws.AbstractCXFWSClient.invokeMethod(AbstractCXFWSClient.java:93)
	at sun.reflect.NativeMethodAccessorImpl.invoke0(Native Method)
	at sun.reflect.NativeMethodAccessorImpl.invoke(NativeMethodAccessorImpl.java:39)
	at sun.reflect.DelegatingMethodAccessorImpl.invoke(DelegatingMethodAccessorImpl.java:25)
	at java.lang.reflect.Method.invoke(Method.java:597)
	at org.codehaus.groovy.reflection.CachedMethod.invoke(CachedMethod.java:86)
	at groovy.lang.MetaMethod.doMethodInvoke(MetaMethod.java:230)
	at groovy.lang.MetaClassImpl.invokeMethod(MetaClassImpl.java:912)
	at groovy.lang.MetaClassImpl.invokeMethod(MetaClassImpl.java:800)
	at groovy.lang.MetaClassImpl.invokeMethod(MetaClassImpl.java:927)
	at groovy.lang.MetaClassImpl.invokeMethod(MetaClassImpl.java:756)
	at groovy.lang.MetaClassImpl.invokeMethod(MetaClassImpl.java:672)
	at org.kuali.student.service.test.soap.ServiceIterationsTest.invokeMethod(ServiceIterationsTest.groovy)
	at org.codehaus.groovy.runtime.metaclass.ClosureMetaClass.invokeOnDelegationObjects(ClosureMetaClass.java:371)
	at org.codehaus.groovy.runtime.metaclass.ClosureMetaClass.invokeMethod(ClosureMetaClass.java:322)
	at org.codehaus.groovy.runtime.ScriptBytecodeAdapter.invokeMethodOnCurrentN(ScriptBytecodeAdapter.java:78)
	at org.kuali.student.service.test.soap.ServiceIterationsTest$_execute_closure1.doCall(ServiceIterationsTest.groovy:53)
	at sun.reflect.NativeMethodAccessorImpl.invoke0(Native Method)
	at sun.reflect.NativeMethodAccessorImpl.invoke(NativeMethodAccessorImpl.java:39)
	at sun.reflect.DelegatingMethodAccessorImpl.invoke(DelegatingMethodAccessorImpl.java:25)
	at java.lang.reflect.Method.invoke(Method.java:597)
	at org.codehaus.groovy.reflection.CachedMethod.invoke(CachedMethod.java:86)
	at groovy.lang.MetaMethod.doMethodInvoke(MetaMethod.java:230)
	at org.codehaus.groovy.runtime.metaclass.ClosureMetaClass.invokeMethod(ClosureMetaClass.java:248)
	at groovy.lang.MetaClassImpl.invokeMethod(MetaClassImpl.java:756)
	at groovy.lang.Closure.call(Closure.java:292)
	at groovy.lang.Closure.call(Closure.java:305)
	at org.codehaus.groovy.runtime.DefaultGroovyMethods.upto(DefaultGroovyMethods.java:6538)
	at sun.reflect.NativeMethodAccessorImpl.invoke0(Native Method)
	at sun.reflect.NativeMethodAccessorImpl.invoke(NativeMethodAccessorImpl.java:39)
	at sun.reflect.DelegatingMethodAccessorImpl.invoke(DelegatingMethodAccessorImpl.java:25)
	at java.lang.reflect.Method.invoke(Method.java:597)
	at org.codehaus.groovy.runtime.metaclass.ReflectionMetaMethod.invoke(ReflectionMetaMethod.java:51)
	at org.codehaus.groovy.runtime.metaclass.NewInstanceMetaMethod.invoke(NewInstanceMetaMethod.java:54)
	at groovy.lang.MetaMethod.doMethodInvoke(MetaMethod.java:230)
	at groovy.lang.MetaClassImpl.invokeMethod(MetaClassImpl.java:912)
	at groovy.lang.MetaClassImpl.invokeMethod(MetaClassImpl.java:756)
	at org.codehaus.groovy.runtime.InvokerHelper.invokePojoMethod(InvokerHelper.java:766)
	at org.codehaus.groovy.runtime.InvokerHelper.invokeMethod(InvokerHelper.java:754)
	at org.codehaus.groovy.runtime.ScriptBytecodeAdapter.invokeMethodN(ScriptBytecodeAdapter.java:170)
	at org.kuali.student.service.test.soap.ServiceIterationsTest.execute(ServiceIterationsTest.groovy:50)
	at sun.reflect.NativeMethodAccessorImpl.invoke0(Native Method)
	at sun.reflect.NativeMethodAccessorImpl.invoke(NativeMethodAccessorImpl.java:39)
	at sun.reflect.DelegatingMethodAccessorImpl.invoke(DelegatingMethodAccessorImpl.java:25)
	at java.lang.reflect.Method.invoke(Method.java:597)
	at org.codehaus.groovy.reflection.CachedMethod.invoke(CachedMethod.java:86)
	at groovy.lang.MetaMethod.doMethodInvoke(MetaMethod.java:230)
	at groovy.lang.MetaClassImpl.invokeMethod(MetaClassImpl.java:912)
	at groovy.lang.MetaClassImpl.invokeMethod(MetaClassImpl.java:756)
	at org.codehaus.groovy.runtime.InvokerHelper.invokePogoMethod(InvokerHelper.java:778)
	at org.codehaus.groovy.runtime.InvokerHelper.invokeMethod(InvokerHelper.java:758)
	at org.codehaus.groovy.runtime.ScriptBytecodeAdapter.invokeMethodN(ScriptBytecodeAdapter.java:170)
	at org.kuali.student.service.test.soap.KSBServiceIterationsTest.main(KSBServiceIterationsTest.groovy:30)
Caused by: com.ctc.wstx.exc.WstxIOException: Connection refused
	at com.ctc.wstx.sw.BaseStreamWriter.flush(BaseStreamWriter.java:313)
	at org.apache.cxf.interceptor.AbstractOutDatabindingInterceptor.writeParts(AbstractOutDatabindingInterceptor.java:93)
	... 58 more
Caused by: java.net.ConnectException: Connection refused
	at java.net.PlainSocketImpl.socketConnect(Native Method)
	at java.net.PlainSocketImpl.doConnect(PlainSocketImpl.java:333)
	at java.net.PlainSocketImpl.connectToAddress(PlainSocketImpl.java:195)
	at java.net.PlainSocketImpl.connect(PlainSocketImpl.java:182)
	at java.net.SocksSocketImpl.connect(SocksSocketImpl.java:432)
	at java.net.Socket.connect(Socket.java:519)
	at sun.net.NetworkClient.doConnect(NetworkClient.java:158)
	at sun.net.www.http.HttpClient.openServer(HttpClient.java:394)
	at sun.net.www.http.HttpClient.openServer(HttpClient.java:529)
	at sun.net.www.http.HttpClient.<init>(HttpClient.java:233)
	at sun.net.www.http.HttpClient.New(HttpClient.java:306)
	at sun.net.www.http.HttpClient.New(HttpClient.java:323)
	at sun.net.www.protocol.http.HttpURLConnection.getNewHttpClient(HttpURLConnection.java:852)
	at sun.net.www.protocol.http.HttpURLConnection.plainConnect(HttpURLConnection.java:793)
	at sun.net.www.protocol.http.HttpURLConnection.connect(HttpURLConnection.java:718)
	at sun.net.www.protocol.http.HttpURLConnection.getOutputStream(HttpURLConnection.java:896)
	at org.apache.cxf.transport.http.HTTPConduit$WrappedOutputStream.handleHeadersTrustCaching(HTTPConduit.java:1874)
	at org.apache.cxf.transport.http.HTTPConduit$WrappedOutputStream.onFirstWrite(HTTPConduit.java:1832)
	at org.apache.cxf.io.AbstractWrappedOutputStream.write(AbstractWrappedOutputStream.java:42)
	at org.apache.cxf.io.AbstractThresholdOutputStream.write(AbstractThresholdOutputStream.java:69)
	at com.ctc.wstx.io.UTF8Writer.flush(UTF8Writer.java:96)
	at com.ctc.wstx.sw.BufferingXmlWriter.flush(BufferingXmlWriter.java:214)
	at com.ctc.wstx.sw.BaseStreamWriter.flush(BaseStreamWriter.java:311)
	... 59 more
Exception in thread "main" java.lang.AssertionError: failed after '0' tries for count '2' totalTime: 0, averTime: 0. Expression: (result != null). Values: result = null
	at org.codehaus.groovy.runtime.InvokerHelper.assertFailed(InvokerHelper.java:395)
	at org.codehaus.groovy.runtime.ScriptBytecodeAdapter.assertFailed(ScriptBytecodeAdapter.java:683)
	at org.kuali.student.service.test.soap.ServiceIterationsTest$_execute_closure1.doCall(ServiceIterationsTest.groovy:54)
	at sun.reflect.NativeMethodAccessorImpl.invoke0(Native Method)
	at sun.reflect.NativeMethodAccessorImpl.invoke(NativeMethodAccessorImpl.java:39)
	at sun.reflect.DelegatingMethodAccessorImpl.invoke(DelegatingMethodAccessorImpl.java:25)
	at java.lang.reflect.Method.invoke(Method.java:597)
	at org.codehaus.groovy.reflection.CachedMethod.invoke(CachedMethod.java:86)
	at groovy.lang.MetaMethod.doMethodInvoke(MetaMethod.java:230)
	at org.codehaus.groovy.runtime.metaclass.ClosureMetaClass.invokeMethod(ClosureMetaClass.java:248)
	at groovy.lang.MetaClassImpl.invokeMethod(MetaClassImpl.java:756)
	at groovy.lang.Closure.call(Closure.java:292)
	at groovy.lang.Closure.call(Closure.java:305)
	at org.codehaus.groovy.runtime.DefaultGroovyMethods.upto(DefaultGroovyMethods.java:6538)
	at sun.reflect.NativeMethodAccessorImpl.invoke0(Native Method)
	at sun.reflect.NativeMethodAccessorImpl.invoke(NativeMethodAccessorImpl.java:39)
	at sun.reflect.DelegatingMethodAccessorImpl.invoke(DelegatingMethodAccessorImpl.java:25)
	at java.lang.reflect.Method.invoke(Method.java:597)
	at org.codehaus.groovy.runtime.metaclass.ReflectionMetaMethod.invoke(ReflectionMetaMethod.java:51)
	at org.codehaus.groovy.runtime.metaclass.NewInstanceMetaMethod.invoke(NewInstanceMetaMethod.java:54)
	at groovy.lang.MetaMethod.doMethodInvoke(MetaMethod.java:230)
	at groovy.lang.MetaClassImpl.invokeMethod(MetaClassImpl.java:912)
	at groovy.lang.MetaClassImpl.invokeMethod(MetaClassImpl.java:756)
	at org.codehaus.groovy.runtime.InvokerHelper.invokePojoMethod(InvokerHelper.java:766)
	at org.codehaus.groovy.runtime.InvokerHelper.invokeMethod(InvokerHelper.java:754)
	at org.codehaus.groovy.runtime.ScriptBytecodeAdapter.invokeMethodN(ScriptBytecodeAdapter.java:170)
	at org.kuali.student.service.test.soap.ServiceIterationsTest.execute(ServiceIterationsTest.groovy:50)
	at sun.reflect.NativeMethodAccessorImpl.invoke0(Native Method)
	at sun.reflect.NativeMethodAccessorImpl.invoke(NativeMethodAccessorImpl.java:39)
	at sun.reflect.DelegatingMethodAccessorImpl.invoke(DelegatingMethodAccessorImpl.java:25)
	at java.lang.reflect.Method.invoke(Method.java:597)
	at org.codehaus.groovy.reflection.CachedMethod.invoke(CachedMethod.java:86)
	at groovy.lang.MetaMethod.doMethodInvoke(MetaMethod.java:230)
	at groovy.lang.MetaClassImpl.invokeMethod(MetaClassImpl.java:912)
	at groovy.lang.MetaClassImpl.invokeMethod(MetaClassImpl.java:756)
	at org.codehaus.groovy.runtime.InvokerHelper.invokePogoMethod(InvokerHelper.java:778)
	at org.codehaus.groovy.runtime.InvokerHelper.invokeMethod(InvokerHelper.java:758)
	at org.codehaus.groovy.runtime.ScriptBytecodeAdapter.invokeMethodN(ScriptBytecodeAdapter.java:170)
	at org.kuali.student.service.test.soap.KSBServiceIterationsTest.main(KSBServiceIterationsTest.groovy:30)

